// Jest Snapshot v1, https://goo.gl/fbAQLP

exports[`Pixel Renders to snapshot 1`] = `ShallowWrapper {}`;
