// Jest Snapshot v1, https://goo.gl/fbAQLP

exports[`PixelRow Renders to snapshot 1`] = `ShallowWrapper {}`;
