// Jest Snapshot v1, https://goo.gl/fbAQLP

exports[`App Renders to snapshot 1`] = `ShallowWrapper {}`;
