// Jest Snapshot v1, https://goo.gl/fbAQLP

exports[`Window Renders to snapshot 1`] = `ShallowWrapper {}`;
